random baseline: mean=2.220 std=1.675 (1.5s)
Using cpu device
---------------------------------
| rollout/           |          |
|    ep_len_mean     | 7.86     |
|    ep_rew_mean     | 2.34     |
| time/              |          |
|    fps             | 1904     |
|    iterations      | 1        |
|    time_elapsed    | 0        |
|    total_timesteps | 512      |
---------------------------------
-------------------------------------------
| rollout/                |               |
|    ep_len_mean          | 7.96          |
|    ep_rew_mean          | 1.92          |
| time/                   |               |
|    fps                  | 1644          |
|    iterations           | 2             |
|    time_elapsed         | 0             |
|    total_timesteps      | 1024          |
| train/                  |               |
|    approx_kl            | 1.6314443e-06 |
|    clip_fraction        | 0             |
|    clip_range           | 0.2           |
|    entropy_loss         | -2.79         |
|    explained_variance   | 8.7e-05       |
|    learning_rate        | 0.0001        |
|    loss                 | 2.11          |
|    n_updates            | 10            |
|    policy_gradient_loss | -0.000164     |
|    value_loss           | 4.02          |
-------------------------------------------
-------------------------------------------
| rollout/                |               |
|    ep_len_mean          | 7.91          |
|    ep_rew_mean          | 2.27          |
| time/                   |               |
|    fps                  | 1544          |
|    iterations           | 3             |
|    time_elapsed         | 0             |
|    total_timesteps      | 1536          |
| train/                  |               |
|    approx_kl            | 2.8051436e-06 |
|    clip_fraction        | 0             |
|    clip_range           | 0.2           |
|    entropy_loss         | -2.79         |
|    explained_variance   | 0.00208       |
|    learning_rate        | 0.0001        |
|    loss                 | 0.984         |
|    n_updates            | 20            |
|    policy_gradient_loss | -0.000297     |
|    value_loss           | 2.17          |
-------------------------------------------
-------------------------------------------
| rollout/                |               |
|    ep_len_mean          | 7.93          |
|    ep_rew_mean          | 2.37          |
| time/                   |               |
|    fps                  | 1474          |
|    iterations           | 4             |
|    time_elapsed         | 1             |
|    total_timesteps      | 2048          |
| train/                  |               |
|    approx_kl            | 3.2029347e-06 |
|    clip_fraction        | 0             |
|    clip_range           | 0.2           |
|    entropy_loss         | -2.81         |
|    explained_variance   | 0.00113       |
|    learning_rate        | 0.0001        |
|    loss                 | 2.19          |
|    n_updates            | 30            |
|    policy_gradient_loss | -0.000339     |
|    value_loss           | 4.24          |
-------------------------------------------
-------------------------------------------
| rollout/                |               |
|    ep_len_mean          | 7.91          |
|    ep_rew_mean          | 2.12          |
| time/                   |               |
|    fps                  | 1409          |
|    iterations           | 5             |
|    time_elapsed         | 1             |
|    total_timesteps      | 2560          |
| train/                  |               |
|    approx_kl            | 3.3845427e-06 |
|    clip_fraction        | 0             |
|    clip_range           | 0.2           |
|    entropy_loss         | -2.79         |
|    explained_variance   | 0.00212       |
|    learning_rate        | 0.0001        |
|    loss                 | 1.59          |
|    n_updates            | 40            |
|    policy_gradient_loss | -0.0003       |
|    value_loss           | 3.39          |
-------------------------------------------
------------------------------------------
| rollout/                |              |
|    ep_len_mean          | 7.92         |
|    ep_rew_mean          | 2.05         |
| time/                   |              |
|    fps                  | 1376         |
|    iterations           | 6            |
|    time_elapsed         | 2            |
|    total_timesteps      | 3072         |
| train/                  |              |
|    approx_kl            | 4.248577e-06 |
|    clip_fraction        | 0            |
|    clip_range           | 0.2          |
|    entropy_loss         | -2.8         |
|    explained_variance   | 0.00658      |
|    learning_rate        | 0.0001       |
|    loss                 | 1.19         |
|    n_updates            | 50           |
|    policy_gradient_loss | -0.000289    |
|    value_loss           | 2.69         |
------------------------------------------
[ckpt 010] t=3584 mean_return_100=6.770
-------------------------------------------
| rollout/                |               |
|    ep_len_mean          | 7.98          |
|    ep_rew_mean          | 1.95          |
| time/                   |               |
|    fps                  | 1060          |
|    iterations           | 7             |
|    time_elapsed         | 3             |
|    total_timesteps      | 3584          |
| train/                  |               |
|    approx_kl            | 7.4303243e-06 |
|    clip_fraction        | 0             |
|    clip_range           | 0.2           |
|    entropy_loss         | -2.78         |
|    explained_variance   | 0.00634       |
|    learning_rate        | 0.0001        |
|    loss                 | 1.21          |
|    n_updates            | 60            |
|    policy_gradient_loss | -0.000403     |
|    value_loss           | 2.48          |
-------------------------------------------
-------------------------------------------
| rollout/                |               |
|    ep_len_mean          | 7.94          |
|    ep_rew_mean          | 2.06          |
| time/                   |               |
|    fps                  | 1117          |
|    iterations           | 8             |
|    time_elapsed         | 3             |
|    total_timesteps      | 4096          |
| train/                  |               |
|    approx_kl            | 1.4317571e-05 |
|    clip_fraction        | 0             |
|    clip_range           | 0.2           |
|    entropy_loss         | -2.8          |
|    explained_variance   | 0.0234        |
|    learning_rate        | 0.0001        |
|    loss                 | 1.13          |
|    n_updates            | 70            |
|    policy_gradient_loss | -0.000582     |
|    value_loss           | 2.63          |
-------------------------------------------
-------------------------------------------
| rollout/                |               |
|    ep_len_mean          | 7.92          |
|    ep_rew_mean          | 2.3           |
| time/                   |               |
|    fps                  | 1159          |
|    iterations           | 9             |
|    time_elapsed         | 3             |
|    total_timesteps      | 4608          |
| train/                  |               |
|    approx_kl            | 2.1909247e-05 |
|    clip_fraction        | 0             |
|    clip_range           | 0.2           |
|    entropy_loss         | -2.79         |
|    explained_variance   | 0.03          |
|    learning_rate        | 0.0001        |
|    loss                 | 1.04          |
|    n_updates            | 80            |
|    policy_gradient_loss | -0.000809     |
|    value_loss           | 2.36          |
-------------------------------------------
-------------------------------------------
| rollout/                |               |
|    ep_len_mean          | 7.92          |
|    ep_rew_mean          | 2.42          |
| time/                   |               |
|    fps                  | 1173          |
|    iterations           | 10            |
|    time_elapsed         | 4             |
|    total_timesteps      | 5120          |
| train/                  |               |
|    approx_kl            | 4.0313113e-05 |
|    clip_fraction        | 0             |
|    clip_range           | 0.2           |
|    entropy_loss         | -2.77         |
|    explained_variance   | 0.0717        |
|    learning_rate        | 0.0001        |
|    loss                 | 0.884         |
|    n_updates            | 90            |
|    policy_gradient_loss | -0.00111      |
|    value_loss           | 2.01          |
-------------------------------------------
------------------------------------------
| rollout/                |              |
|    ep_len_mean          | 7.91         |
|    ep_rew_mean          | 2.74         |
| time/                   |              |
|    fps                  | 1183         |
|    iterations           | 11           |
|    time_elapsed         | 4            |
|    total_timesteps      | 5632         |
| train/                  |              |
|    approx_kl            | 6.266881e-05 |
|    clip_fraction        | 0            |
|    clip_range           | 0.2          |
|    entropy_loss         | -2.79        |
|    explained_variance   | 0.0538       |
|    learning_rate        | 0.0001       |
|    loss                 | 0.748        |
|    n_updates            | 100          |
|    policy_gradient_loss | -0.00151     |
|    value_loss           | 1.86         |
------------------------------------------
------------------------------------------
| rollout/                |              |
|    ep_len_mean          | 7.84         |
|    ep_rew_mean          | 2.68         |
| time/                   |              |
|    fps                  | 1194         |
|    iterations           | 12           |
|    time_elapsed         | 5            |
|    total_timesteps      | 6144         |
| train/                  |              |
|    approx_kl            | 7.242046e-05 |
|    clip_fraction        | 0            |
|    clip_range           | 0.2          |
|    entropy_loss         | -2.76        |
|    explained_variance   | 0.142        |
|    learning_rate        | 0.0001       |
|    loss                 | 0.737        |
|    n_updates            | 110          |
|    policy_gradient_loss | -0.00125     |
|    value_loss           | 1.89         |
------------------------------------------
-------------------------------------------
| rollout/                |               |
|    ep_len_mean          | 7.86          |
|    ep_rew_mean          | 2.4           |
| time/                   |               |
|    fps                  | 1201          |
|    iterations           | 13            |
|    time_elapsed         | 5             |
|    total_timesteps      | 6656          |
| train/                  |               |
|    approx_kl            | 0.00021627487 |
|    clip_fraction        | 0             |
|    clip_range           | 0.2           |
|    entropy_loss         | -2.78         |
|    explained_variance   | 0.169         |
|    learning_rate        | 0.0001        |
|    loss                 | 0.604         |
|    n_updates            | 120           |
|    policy_gradient_loss | -0.00167      |
|    value_loss           | 1.34          |
-------------------------------------------
------------------------------------------
| rollout/                |              |
|    ep_len_mean          | 7.87         |
|    ep_rew_mean          | 2.37         |
| time/                   |              |
|    fps                  | 1204         |
|    iterations           | 14           |
|    time_elapsed         | 5            |
|    total_timesteps      | 7168         |
| train/                  |              |
|    approx_kl            | 0.0004082974 |
|    clip_fraction        | 0            |
|    clip_range           | 0.2          |
|    entropy_loss         | -2.78        |
|    explained_variance   | 0.195        |
|    learning_rate        | 0.0001       |
|    loss                 | 0.411        |
|    n_updates            | 130          |
|    policy_gradient_loss | -0.00379     |
|    value_loss           | 1.06         |
------------------------------------------
-------------------------------------------
| rollout/                |               |
|    ep_len_mean          | 7.88          |
|    ep_rew_mean          | 2.33          |
| time/                   |               |
|    fps                  | 1208          |
|    iterations           | 15            |
|    time_elapsed         | 6             |
|    total_timesteps      | 7680          |
| train/                  |               |
|    approx_kl            | 0.00074313674 |
|    clip_fraction        | 0             |
|    clip_range           | 0.2           |
|    entropy_loss         | -2.75         |
|    explained_variance   | 0.417         |
|    learning_rate        | 0.0001        |
|    loss                 | 0.345         |
|    n_updates            | 140           |
|    policy_gradient_loss | -0.00348      |
|    value_loss           | 0.746         |
-------------------------------------------
-------------------------------------------
| rollout/                |               |
|    ep_len_mean          | 7.8           |
|    ep_rew_mean          | 2.79          |
| time/                   |               |
|    fps                  | 1212          |
|    iterations           | 16            |
|    time_elapsed         | 6             |
|    total_timesteps      | 8192          |
| train/                  |               |
|    approx_kl            | 0.00074097735 |
|    clip_fraction        | 0             |
|    clip_range           | 0.2           |
|    entropy_loss         | -2.75         |
|    explained_variance   | 0.494         |
|    learning_rate        | 0.0001        |
|    loss                 | 0.33          |
|    n_updates            | 150           |
|    policy_gradient_loss | -0.0042       |
|    value_loss           | 0.725         |
-------------------------------------------
------------------------------------------
| rollout/                |              |
|    ep_len_mean          | 7.77         |
|    ep_rew_mean          | 2.95         |
| time/                   |              |
|    fps                  | 1219         |
|    iterations           | 17           |
|    time_elapsed         | 7            |
|    total_timesteps      | 8704         |
| train/                  |              |
|    approx_kl            | 0.0022263662 |
|    clip_fraction        | 0            |
|    clip_range           | 0.2          |
|    entropy_loss         | -2.71        |
|    explained_variance   | 0.458        |
|    learning_rate        | 0.0001       |
|    loss                 | 0.372        |
|    n_updates            | 160          |
|    policy_gradient_loss | -0.00433     |
|    value_loss           | 0.815        |
------------------------------------------
------------------------------------------
| rollout/                |              |
|    ep_len_mean          | 7.73         |
|    ep_rew_mean          | 3.08         |
| time/                   |              |
|    fps                  | 1224         |
|    iterations           | 18           |
|    time_elapsed         | 7            |
|    total_timesteps      | 9216         |
| train/                  |              |
|    approx_kl            | 0.0026129046 |
|    clip_fraction        | 0            |
|    clip_range           | 0.2          |
|    entropy_loss         | -2.71        |
|    explained_variance   | 0.506        |
|    learning_rate        | 0.0001       |
|    loss                 | 0.381        |
|    n_updates            | 170          |
|    policy_gradient_loss | -0.00546     |
|    value_loss           | 0.751        |
------------------------------------------
-----------------------------------------
| rollout/                |             |
|    ep_len_mean          | 7.74        |
|    ep_rew_mean          | 3.32        |
| time/                   |             |
|    fps                  | 1229        |
|    iterations           | 19          |
|    time_elapsed         | 7           |
|    total_timesteps      | 9728        |
| train/                  |             |
|    approx_kl            | 0.003795138 |
|    clip_fraction        | 0           |
|    clip_range           | 0.2         |
|    entropy_loss         | -2.64       |
|    explained_variance   | 0.653       |
|    learning_rate        | 0.0001      |
|    loss                 | 0.212       |
|    n_updates            | 180         |
|    policy_gradient_loss | -0.0057     |
|    value_loss           | 0.531       |
-----------------------------------------
------------------------------------------
| rollout/                |              |
|    ep_len_mean          | 7.59         |
|    ep_rew_mean          | 3.98         |
| time/                   |              |
|    fps                  | 1233         |
|    iterations           | 20           |
|    time_elapsed         | 8            |
|    total_timesteps      | 10240        |
| train/                  |              |
|    approx_kl            | 0.0070261913 |
|    clip_fraction        | 0.00156      |
|    clip_range           | 0.2          |
|    entropy_loss         | -2.59        |
|    explained_variance   | 0.685        |
|    learning_rate        | 0.0001       |
|    loss                 | 0.214        |
|    n_updates            | 190          |
|    policy_gradient_loss | -0.00849     |
|    value_loss           | 0.548        |
------------------------------------------
------------------------------------------
| rollout/                |              |
|    ep_len_mean          | 7.45         |
|    ep_rew_mean          | 4.09         |
| time/                   |              |
|    fps                  | 1237         |
|    iterations           | 21           |
|    time_elapsed         | 8            |
|    total_timesteps      | 10752        |
| train/                  |              |
|    approx_kl            | 0.0051132017 |
|    clip_fraction        | 0.000586     |
|    clip_range           | 0.2          |
|    entropy_loss         | -2.49        |
|    explained_variance   | 0.721        |
|    learning_rate        | 0.0001       |
|    loss                 | 0.273        |
|    n_updates            | 200          |
|    policy_gradient_loss | -0.00476     |
|    value_loss           | 0.608        |
------------------------------------------
-----------------------------------------
| rollout/                |             |
|    ep_len_mean          | 7.54        |
|    ep_rew_mean          | 4.44        |
| time/                   |             |
|    fps                  | 1237        |
|    iterations           | 22          |
|    time_elapsed         | 9           |
|    total_timesteps      | 11264       |
| train/                  |             |
|    approx_kl            | 0.005234454 |
|    clip_fraction        | 0.000195    |
|    clip_range           | 0.2         |
|    entropy_loss         | -2.46       |
|    explained_variance   | 0.759       |
|    learning_rate        | 0.0001      |
|    loss                 | 0.225       |
|    n_updates            | 210         |
|    policy_gradient_loss | -0.00532    |
|    value_loss           | 0.479       |
-----------------------------------------
------------------------------------------
| rollout/                |              |
|    ep_len_mean          | 7.31         |
|    ep_rew_mean          | 4.63         |
| time/                   |              |
|    fps                  | 1233         |
|    iterations           | 23           |
|    time_elapsed         | 9            |
|    total_timesteps      | 11776        |
| train/                  |              |
|    approx_kl            | 0.0016345204 |
|    clip_fraction        | 0            |
|    clip_range           | 0.2          |
|    entropy_loss         | -2.35        |
|    explained_variance   | 0.806        |
|    learning_rate        | 0.0001       |
|    loss                 | 0.155        |
|    n_updates            | 220          |
|    policy_gradient_loss | -0.00397     |
|    value_loss           | 0.381        |
------------------------------------------
------------------------------------------
| rollout/                |              |
|    ep_len_mean          | 6.85         |
|    ep_rew_mean          | 5.71         |
| time/                   |              |
|    fps                  | 1231         |
|    iterations           | 24           |
|    time_elapsed         | 9            |
|    total_timesteps      | 12288        |
| train/                  |              |
|    approx_kl            | 0.0057251756 |
|    clip_fraction        | 0            |
|    clip_range           | 0.2          |
|    entropy_loss         | -2.29        |
|    explained_variance   | 0.862        |
|    learning_rate        | 0.0001       |
|    loss                 | 0.115        |
|    n_updates            | 230          |
|    policy_gradient_loss | -0.00561     |
|    value_loss           | 0.286        |
------------------------------------------
-----------------------------------------
| rollout/                |             |
|    ep_len_mean          | 6.83        |
|    ep_rew_mean          | 5.42        |
| time/                   |             |
|    fps                  | 1228        |
|    iterations           | 25          |
|    time_elapsed         | 10          |
|    total_timesteps      | 12800       |
| train/                  |             |
|    approx_kl            | 0.003264958 |
|    clip_fraction        | 0           |
|    clip_range           | 0.2         |
|    entropy_loss         | -2.19       |
|    explained_variance   | 0.884       |
|    learning_rate        | 0.0001      |
|    loss                 | 0.133       |
|    n_updates            | 240         |
|    policy_gradient_loss | -0.00392    |
|    value_loss           | 0.297       |
-----------------------------------------
------------------------------------------
| rollout/                |              |
|    ep_len_mean          | 6.6          |
|    ep_rew_mean          | 5.71         |
| time/                   |              |
|    fps                  | 1223         |
|    iterations           | 26           |
|    time_elapsed         | 10           |
|    total_timesteps      | 13312        |
| train/                  |              |
|    approx_kl            | 0.0014919667 |
|    clip_fraction        | 0            |
|    clip_range           | 0.2          |
|    entropy_loss         | -2.15        |
|    explained_variance   | 0.906        |
|    learning_rate        | 0.0001       |
|    loss                 | 0.072        |
|    n_updates            | 250          |
|    policy_gradient_loss | -0.00381     |
|    value_loss           | 0.21         |
------------------------------------------
------------------------------------------
| rollout/                |              |
|    ep_len_mean          | 6.41         |
|    ep_rew_mean          | 5.83         |
| time/                   |              |
|    fps                  | 1212         |
|    iterations           | 27           |
|    time_elapsed         | 11           |
|    total_timesteps      | 13824        |
| train/                  |              |
|    approx_kl            | 0.0025723726 |
|    clip_fraction        | 0            |
|    clip_range           | 0.2          |
|    entropy_loss         | -2.07        |
|    explained_variance   | 0.887        |
|    learning_rate        | 0.0001       |
|    loss                 | 0.125        |
|    n_updates            | 260          |
|    policy_gradient_loss | -0.00332     |
|    value_loss           | 0.274        |
------------------------------------------
-----------------------------------------
| rollout/                |             |
|    ep_len_mean          | 6.18        |
|    ep_rew_mean          | 6.08        |
| time/                   |             |
|    fps                  | 1206        |
|    iterations           | 28          |
|    time_elapsed         | 11          |
|    total_timesteps      | 14336       |
| train/                  |             |
|    approx_kl            | 0.010130977 |
|    clip_fraction        | 0.0322      |
|    clip_range           | 0.2         |
|    entropy_loss         | -1.96       |
|    explained_variance   | 0.939       |
|    learning_rate        | 0.0001      |
|    loss                 | 0.0516      |
|    n_updates            | 270         |
|    policy_gradient_loss | -0.00784    |
|    value_loss           | 0.152       |
-----------------------------------------
------------------------------------------
| rollout/                |              |
|    ep_len_mean          | 6.13         |
|    ep_rew_mean          | 6.31         |
| time/                   |              |
|    fps                  | 1203         |
|    iterations           | 29           |
|    time_elapsed         | 12           |
|    total_timesteps      | 14848        |
| train/                  |              |
|    approx_kl            | 0.0014434297 |
|    clip_fraction        | 0            |
|    clip_range           | 0.2          |
|    entropy_loss         | -1.88        |
|    explained_variance   | 0.914        |
|    learning_rate        | 0.0001       |
|    loss                 | 0.0895       |
|    n_updates            | 280          |
|    policy_gradient_loss | -0.0044      |
|    value_loss           | 0.232        |
------------------------------------------
------------------------------------------
| rollout/                |              |
|    ep_len_mean          | 6.49         |
|    ep_rew_mean          | 5.88         |
| time/                   |              |
|    fps                  | 1200         |
|    iterations           | 30           |
|    time_elapsed         | 12           |
|    total_timesteps      | 15360        |
| train/                  |              |
|    approx_kl            | 0.0019941148 |
|    clip_fraction        | 0            |
|    clip_range           | 0.2          |
|    entropy_loss         | -1.89        |
|    explained_variance   | 0.944        |
|    learning_rate        | 0.0001       |
|    loss                 | 0.059        |
|    n_updates            | 290          |
|    policy_gradient_loss | -0.00396     |
|    value_loss           | 0.146        |
------------------------------------------
-----------------------------------------
| rollout/                |             |
|    ep_len_mean          | 5.53        |
|    ep_rew_mean          | 6.65        |
| time/                   |             |
|    fps                  | 1196        |
|    iterations           | 31          |
|    time_elapsed         | 13          |
|    total_timesteps      | 15872       |
| train/                  |             |
|    approx_kl            | 0.015249534 |
|    clip_fraction        | 0.0646      |
|    clip_range           | 0.2         |
|    entropy_loss         | -1.72       |
|    explained_variance   | 0.924       |
|    learning_rate        | 0.0001      |
|    loss                 | 0.0928      |
|    n_updates            | 300         |
|    policy_gradient_loss | -0.0101     |
|    value_loss           | 0.214       |
-----------------------------------------
[ckpt 050] t=16384 mean_return_100=6.972
------------------------------------------
| rollout/                |              |
|    ep_len_mean          | 5.16         |
|    ep_rew_mean          | 6.65         |
| time/                   |              |
|    fps                  | 1114         |
|    iterations           | 32           |
|    time_elapsed         | 14           |
|    total_timesteps      | 16384        |
| train/                  |              |
|    approx_kl            | 0.0048518414 |
|    clip_fraction        | 0.0143       |
|    clip_range           | 0.2          |
|    entropy_loss         | -1.57        |
|    explained_variance   | 0.939        |
|    learning_rate        | 0.0001       |
|    loss                 | 0.0626       |
|    n_updates            | 310          |
|    policy_gradient_loss | -0.00597     |
|    value_loss           | 0.161        |
------------------------------------------
----------------------------------------
| rollout/                |            |
|    ep_len_mean          | 4.96       |
|    ep_rew_mean          | 6.75       |
| time/                   |            |
|    fps                  | 1115       |
|    iterations           | 33         |
|    time_elapsed         | 15         |
|    total_timesteps      | 16896      |
| train/                  |            |
|    approx_kl            | 0.00211043 |
|    clip_fraction        | 0          |
|    clip_range           | 0.2        |
|    entropy_loss         | -1.48      |
|    explained_variance   | 0.917      |
|    learning_rate        | 0.0001     |
|    loss                 | 0.0903     |
|    n_updates            | 320        |
|    policy_gradient_loss | -0.00362   |
|    value_loss           | 0.219      |
----------------------------------------
------------------------------------------
| rollout/                |              |
|    ep_len_mean          | 5.24         |
|    ep_rew_mean          | 6.73         |
| time/                   |              |
|    fps                  | 1108         |
|    iterations           | 34           |
|    time_elapsed         | 15           |
|    total_timesteps      | 17408        |
| train/                  |              |
|    approx_kl            | 0.0011696712 |
|    clip_fraction        | 0.000391     |
|    clip_range           | 0.2          |
|    entropy_loss         | -1.42        |
|    explained_variance   | 0.932        |
|    learning_rate        | 0.0001       |
|    loss                 | 0.0676       |
|    n_updates            | 330          |
|    policy_gradient_loss | -0.00324     |
|    value_loss           | 0.174        |
------------------------------------------
-----------------------------------------
| rollout/                |             |
|    ep_len_mean          | 5.3         |
|    ep_rew_mean          | 6.76        |
| time/                   |             |
|    fps                  | 1089        |
|    iterations           | 35          |
|    time_elapsed         | 16          |
|    total_timesteps      | 17920       |
| train/                  |             |
|    approx_kl            | 0.004135049 |
|    clip_fraction        | 0.0102      |
|    clip_range           | 0.2         |
|    entropy_loss         | -1.38       |
|    explained_variance   | 0.942       |
|    learning_rate        | 0.0001      |
|    loss                 | 0.044       |
|    n_updates            | 340         |
|    policy_gradient_loss | -0.00692    |
|    value_loss           | 0.147       |
-----------------------------------------
------------------------------------------
| rollout/                |              |
|    ep_len_mean          | 4.77         |
|    ep_rew_mean          | 7            |
| time/                   |              |
|    fps                  | 1077         |
|    iterations           | 36           |
|    time_elapsed         | 17           |
|    total_timesteps      | 18432        |
| train/                  |              |
|    approx_kl            | 0.0044730124 |
|    clip_fraction        | 0.0111       |
|    clip_range           | 0.2          |
|    entropy_loss         | -1.25        |
|    explained_variance   | 0.958        |
|    learning_rate        | 0.0001       |
|    loss                 | 0.0296       |
|    n_updates            | 350          |
|    policy_gradient_loss | -0.00713     |
|    value_loss           | 0.107        |
------------------------------------------
-------------------------------------------
| rollout/                |               |
|    ep_len_mean          | 4.77          |
|    ep_rew_mean          | 6.89          |
| time/                   |               |
|    fps                  | 1076          |
|    iterations           | 37            |
|    time_elapsed         | 17            |
|    total_timesteps      | 18944         |
| train/                  |               |
|    approx_kl            | 0.00048731733 |
|    clip_fraction        | 0             |
|    clip_range           | 0.2           |
|    entropy_loss         | -1.2          |
|    explained_variance   | 0.963         |
|    learning_rate        | 0.0001        |
|    loss                 | 0.0383        |
|    n_updates            | 360           |
|    policy_gradient_loss | -0.00117      |
|    value_loss           | 0.0997        |
-------------------------------------------
-----------------------------------------
| rollout/                |             |
|    ep_len_mean          | 5           |
|    ep_rew_mean          | 6.8         |
| time/                   |             |
|    fps                  | 1073        |
|    iterations           | 38          |
|    time_elapsed         | 18          |
|    total_timesteps      | 19456       |
| train/                  |             |
|    approx_kl            | 0.001784041 |
|    clip_fraction        | 0.00215     |
|    clip_range           | 0.2         |
|    entropy_loss         | -1.16       |
|    explained_variance   | 0.955       |
|    learning_rate        | 0.0001      |
|    loss                 | 0.043       |
|    n_updates            | 370         |
|    policy_gradient_loss | -0.00383    |
|    value_loss           | 0.123       |
-----------------------------------------
------------------------------------------
| rollout/                |              |
|    ep_len_mean          | 4.44         |
|    ep_rew_mean          | 7.04         |
| time/                   |              |
|    fps                  | 1071         |
|    iterations           | 39           |
|    time_elapsed         | 18           |
|    total_timesteps      | 19968        |
| train/                  |              |
|    approx_kl            | 0.0020851344 |
|    clip_fraction        | 0.00273      |
|    clip_range           | 0.2          |
|    entropy_loss         | -1.13        |
|    explained_variance   | 0.948        |
|    learning_rate        | 0.0001       |
|    loss                 | 0.0439       |
|    n_updates            | 380          |
|    policy_gradient_loss | -0.00378     |
|    value_loss           | 0.136        |
------------------------------------------
-----------------------------------------
| rollout/                |             |
|    ep_len_mean          | 4.64        |
|    ep_rew_mean          | 6.99        |
| time/                   |             |
|    fps                  | 1068        |
|    iterations           | 40          |
|    time_elapsed         | 19          |
|    total_timesteps      | 20480       |
| train/                  |             |
|    approx_kl            | 0.003202559 |
|    clip_fraction        | 0.0145      |
|    clip_range           | 0.2         |
|    entropy_loss         | -1.05       |
|    explained_variance   | 0.962       |
|    learning_rate        | 0.0001      |
|    loss                 | 0.0392      |
|    n_updates            | 390         |
|    policy_gradient_loss | -0.00629    |
|    value_loss           | 0.107       |
-----------------------------------------
------------------------------------------
| rollout/                |              |
|    ep_len_mean          | 4.6          |
|    ep_rew_mean          | 6.96         |
| time/                   |              |
|    fps                  | 1066         |
|    iterations           | 41           |
|    time_elapsed         | 19           |
|    total_timesteps      | 20992        |
| train/                  |              |
|    approx_kl            | 0.0016007505 |
|    clip_fraction        | 0.00195      |
|    clip_range           | 0.2          |
|    entropy_loss         | -0.997       |
|    explained_variance   | 0.969        |
|    learning_rate        | 0.0001       |
|    loss                 | 0.0288       |
|    n_updates            | 400          |
|    policy_gradient_loss | -0.00352     |
|    value_loss           | 0.0866       |
------------------------------------------
------------------------------------------
| rollout/                |              |
|    ep_len_mean          | 4.63         |
|    ep_rew_mean          | 7.04         |
| time/                   |              |
|    fps                  | 1067         |
|    iterations           | 42           |
|    time_elapsed         | 20           |
|    total_timesteps      | 21504        |
| train/                  |              |
|    approx_kl            | 0.0011860412 |
|    clip_fraction        | 0.000977     |
|    clip_range           | 0.2          |
|    entropy_loss         | -0.997       |
|    explained_variance   | 0.958        |
|    learning_rate        | 0.0001       |
|    loss                 | 0.0344       |
|    n_updates            | 410          |
|    policy_gradient_loss | -0.00487     |
|    value_loss           | 0.11         |
------------------------------------------
------------------------------------------
| rollout/                |              |
|    ep_len_mean          | 4.55         |
|    ep_rew_mean          | 7            |
| time/                   |              |
|    fps                  | 1069         |
|    iterations           | 43           |
|    time_elapsed         | 20           |
|    total_timesteps      | 22016        |
| train/                  |              |
|    approx_kl            | 0.0018320802 |
|    clip_fraction        | 0.000781     |
|    clip_range           | 0.2          |
|    entropy_loss         | -0.977       |
|    explained_variance   | 0.968        |
|    learning_rate        | 0.0001       |
|    loss                 | 0.0237       |
|    n_updates            | 420          |
|    policy_gradient_loss | -0.00392     |
|    value_loss           | 0.089        |
------------------------------------------
------------------------------------------
| rollout/                |              |
|    ep_len_mean          | 4.58         |
|    ep_rew_mean          | 6.94         |
| time/                   |              |
|    fps                  | 1070         |
|    iterations           | 44           |
|    time_elapsed         | 21           |
|    total_timesteps      | 22528        |
| train/                  |              |
|    approx_kl            | 0.0029487514 |
|    clip_fraction        | 0.00625      |
|    clip_range           | 0.2          |
|    entropy_loss         | -0.958       |
|    explained_variance   | 0.964        |
|    learning_rate        | 0.0001       |
|    loss                 | 0.0359       |
|    n_updates            | 430          |
|    policy_gradient_loss | -0.00541     |
|    value_loss           | 0.0964       |
------------------------------------------
------------------------------------------
| rollout/                |              |
|    ep_len_mean          | 4.57         |
|    ep_rew_mean          | 6.88         |
| time/                   |              |
|    fps                  | 1072         |
|    iterations           | 45           |
|    time_elapsed         | 21           |
|    total_timesteps      | 23040        |
| train/                  |              |
|    approx_kl            | 0.0013586667 |
|    clip_fraction        | 0.000977     |
|    clip_range           | 0.2          |
|    entropy_loss         | -0.929       |
|    explained_variance   | 0.956        |
|    learning_rate        | 0.0001       |
|    loss                 | 0.0576       |
|    n_updates            | 440          |
|    policy_gradient_loss | -0.00316     |
|    value_loss           | 0.126        |
------------------------------------------
------------------------------------------
| rollout/                |              |
|    ep_len_mean          | 4.57         |
|    ep_rew_mean          | 6.94         |
| time/                   |              |
|    fps                  | 1074         |
|    iterations           | 46           |
|    time_elapsed         | 21           |
|    total_timesteps      | 23552        |
| train/                  |              |
|    approx_kl            | 0.0025446406 |
|    clip_fraction        | 0.00625      |
|    clip_range           | 0.2          |
|    entropy_loss         | -0.925       |
|    explained_variance   | 0.95         |
|    learning_rate        | 0.0001       |
|    loss                 | 0.0357       |
|    n_updates            | 450          |
|    policy_gradient_loss | -0.00708     |
|    value_loss           | 0.13         |
------------------------------------------
------------------------------------------
| rollout/                |              |
|    ep_len_mean          | 4.54         |
|    ep_rew_mean          | 7.09         |
| time/                   |              |
|    fps                  | 1076         |
|    iterations           | 47           |
|    time_elapsed         | 22           |
|    total_timesteps      | 24064        |
| train/                  |              |
|    approx_kl            | 0.0014608253 |
|    clip_fraction        | 0.0043       |
|    clip_range           | 0.2          |
|    entropy_loss         | -0.846       |
|    explained_variance   | 0.976        |
|    learning_rate        | 0.0001       |
|    loss                 | 0.0323       |
|    n_updates            | 460          |
|    policy_gradient_loss | -0.00369     |
|    value_loss           | 0.0677       |
------------------------------------------
------------------------------------------
| rollout/                |              |
|    ep_len_mean          | 4.52         |
|    ep_rew_mean          | 7.1          |
| time/                   |              |
|    fps                  | 1075         |
|    iterations           | 48           |
|    time_elapsed         | 22           |
|    total_timesteps      | 24576        |
| train/                  |              |
|    approx_kl            | 0.0021845738 |
|    clip_fraction        | 0.00527      |
|    clip_range           | 0.2          |
|    entropy_loss         | -0.804       |
|    explained_variance   | 0.968        |
|    learning_rate        | 0.0001       |
|    loss                 | 0.0203       |
|    n_updates            | 470          |
|    policy_gradient_loss | -0.00584     |
|    value_loss           | 0.0895       |
------------------------------------------
-----------------------------------------
| rollout/                |             |
|    ep_len_mean          | 4.41        |
|    ep_rew_mean          | 6.93        |
| time/                   |             |
|    fps                  | 1033        |
|    iterations           | 49          |
|    time_elapsed         | 24          |
|    total_timesteps      | 25088       |
| train/                  |             |
|    approx_kl            | 0.001861289 |
|    clip_fraction        | 0.00469     |
|    clip_range           | 0.2         |
|    entropy_loss         | -0.775      |
|    explained_variance   | 0.98        |
|    learning_rate        | 0.0001      |
|    loss                 | 0.0165      |
|    n_updates            | 480         |
|    policy_gradient_loss | -0.00499    |
|    value_loss           | 0.0555      |
-----------------------------------------
-------------------------------------------
| rollout/                |               |
|    ep_len_mean          | 4.52          |
|    ep_rew_mean          | 7.02          |
| time/                   |               |
|    fps                  | 1031          |
|    iterations           | 50            |
|    time_elapsed         | 24            |
|    total_timesteps      | 25600         |
| train/                  |               |
|    approx_kl            | 0.00079416705 |
|    clip_fraction        | 0.000195      |
|    clip_range           | 0.2           |
|    entropy_loss         | -0.744        |
|    explained_variance   | 0.956         |
|    learning_rate        | 0.0001        |
|    loss                 | 0.0717        |
|    n_updates            | 490           |
|    policy_gradient_loss | -0.00228      |
|    value_loss           | 0.129         |
-------------------------------------------
-------------------------------------------
| rollout/                |               |
|    ep_len_mean          | 4.67          |
|    ep_rew_mean          | 7.06          |
| time/                   |               |
|    fps                  | 1032          |
|    iterations           | 51            |
|    time_elapsed         | 25            |
|    total_timesteps      | 26112         |
| train/                  |               |
|    approx_kl            | 0.00080222706 |
|    clip_fraction        | 0.000391      |
|    clip_range           | 0.2           |
|    entropy_loss         | -0.726        |
|    explained_variance   | 0.966         |
|    learning_rate        | 0.0001        |
|    loss                 | 0.0325        |
|    n_updates            | 500           |
|    policy_gradient_loss | -0.00203      |
|    value_loss           | 0.094         |
-------------------------------------------
-------------------------------------------
| rollout/                |               |
|    ep_len_mean          | 4.51          |
|    ep_rew_mean          | 6.99          |
| time/                   |               |
|    fps                  | 1034          |
|    iterations           | 52            |
|    time_elapsed         | 25            |
|    total_timesteps      | 26624         |
| train/                  |               |
|    approx_kl            | 0.00060185627 |
|    clip_fraction        | 0             |
|    clip_range           | 0.2           |
|    entropy_loss         | -0.746        |
|    explained_variance   | 0.976         |
|    learning_rate        | 0.0001        |
|    loss                 | 0.0179        |
|    n_updates            | 510           |
|    policy_gradient_loss | -0.00171      |
|    value_loss           | 0.066         |
-------------------------------------------
-----------------------------------------
| rollout/                |             |
|    ep_len_mean          | 4.4         |
|    ep_rew_mean          | 6.77        |
| time/                   |             |
|    fps                  | 1036        |
|    iterations           | 53          |
|    time_elapsed         | 26          |
|    total_timesteps      | 27136       |
| train/                  |             |
|    approx_kl            | 0.000505533 |
|    clip_fraction        | 0           |
|    clip_range           | 0.2         |
|    entropy_loss         | -0.765      |
|    explained_variance   | 0.965       |
|    learning_rate        | 0.0001      |
|    loss                 | 0.0292      |
|    n_updates            | 520         |
|    policy_gradient_loss | -0.00224    |
|    value_loss           | 0.0961      |
-----------------------------------------
------------------------------------------
| rollout/                |              |
|    ep_len_mean          | 4.25         |
|    ep_rew_mean          | 7            |
| time/                   |              |
|    fps                  | 1037         |
|    iterations           | 54           |
|    time_elapsed         | 26           |
|    total_timesteps      | 27648        |
| train/                  |              |
|    approx_kl            | 0.0013184365 |
|    clip_fraction        | 0.00313      |
|    clip_range           | 0.2          |
|    entropy_loss         | -0.746       |
|    explained_variance   | 0.937        |
|    learning_rate        | 0.0001       |
|    loss                 | 0.0822       |
|    n_updates            | 530          |
|    policy_gradient_loss | -0.00357     |
|    value_loss           | 0.167        |
------------------------------------------
------------------------------------------
| rollout/                |              |
|    ep_len_mean          | 4.25         |
|    ep_rew_mean          | 7.04         |
| time/                   |              |
|    fps                  | 1038         |
|    iterations           | 55           |
|    time_elapsed         | 27           |
|    total_timesteps      | 28160        |
| train/                  |              |
|    approx_kl            | 0.0007258873 |
|    clip_fraction        | 0.000586     |
|    clip_range           | 0.2          |
|    entropy_loss         | -0.692       |
|    explained_variance   | 0.971        |
|    learning_rate        | 0.0001       |
|    loss                 | 0.0277       |
|    n_updates            | 540          |
|    policy_gradient_loss | -0.0026      |
|    value_loss           | 0.0787       |
------------------------------------------
-----------------------------------------
| rollout/                |             |
|    ep_len_mean          | 4.42        |
|    ep_rew_mean          | 6.99        |
| time/                   |             |
|    fps                  | 1038        |
|    iterations           | 56          |
|    time_elapsed         | 27          |
|    total_timesteps      | 28672       |
| train/                  |             |
|    approx_kl            | 0.004104862 |
|    clip_fraction        | 0.0232      |
|    clip_range           | 0.2         |
|    entropy_loss         | -0.707      |
|    explained_variance   | 0.966       |
|    learning_rate        | 0.0001      |
|    loss                 | 0.0374      |
|    n_updates            | 550         |
|    policy_gradient_loss | -0.00567    |
|    value_loss           | 0.0978      |
-----------------------------------------
------------------------------------------
| rollout/                |              |
|    ep_len_mean          | 4.47         |
|    ep_rew_mean          | 6.99         |
| time/                   |              |
|    fps                  | 1039         |
|    iterations           | 57           |
|    time_elapsed         | 28           |
|    total_timesteps      | 29184        |
| train/                  |              |
|    approx_kl            | 0.0023834575 |
|    clip_fraction        | 0.00937      |
|    clip_range           | 0.2          |
|    entropy_loss         | -0.653       |
|    explained_variance   | 0.969        |
|    learning_rate        | 0.0001       |
|    loss                 | 0.0283       |
|    n_updates            | 560          |
|    policy_gradient_loss | -0.00561     |
|    value_loss           | 0.0846       |
------------------------------------------
-------------------------------------------
| rollout/                |               |
|    ep_len_mean          | 4.41          |
|    ep_rew_mean          | 6.91          |
| time/                   |               |
|    fps                  | 1038          |
|    iterations           | 58            |
|    time_elapsed         | 28            |
|    total_timesteps      | 29696         |
| train/                  |               |
|    approx_kl            | 0.00067006866 |
|    clip_fraction        | 0             |
|    clip_range           | 0.2           |
|    entropy_loss         | -0.651        |
|    explained_variance   | 0.968         |
|    learning_rate        | 0.0001        |
|    loss                 | 0.0429        |
|    n_updates            | 570           |
|    policy_gradient_loss | -0.00228      |
|    value_loss           | 0.0887        |
-------------------------------------------
------------------------------------------
| rollout/                |              |
|    ep_len_mean          | 4.41         |
|    ep_rew_mean          | 7.07         |
| time/                   |              |
|    fps                  | 1035         |
|    iterations           | 59           |
|    time_elapsed         | 29           |
|    total_timesteps      | 30208        |
| train/                  |              |
|    approx_kl            | 0.0011187193 |
|    clip_fraction        | 0.00117      |
|    clip_range           | 0.2          |
|    entropy_loss         | -0.656       |
|    explained_variance   | 0.963        |
|    learning_rate        | 0.0001       |
|    loss                 | 0.0385       |
|    n_updates            | 580          |
|    policy_gradient_loss | -0.00362     |
|    value_loss           | 0.0966       |
------------------------------------------
-------------------------------------------
| rollout/                |               |
|    ep_len_mean          | 4.4           |
|    ep_rew_mean          | 6.99          |
| time/                   |               |
|    fps                  | 1035          |
|    iterations           | 60            |
|    time_elapsed         | 29            |
|    total_timesteps      | 30720         |
| train/                  |               |
|    approx_kl            | 0.00085781066 |
|    clip_fraction        | 0.000586      |
|    clip_range           | 0.2           |
|    entropy_loss         | -0.62         |
|    explained_variance   | 0.97          |
|    learning_rate        | 0.0001        |
|    loss                 | 0.0418        |
|    n_updates            | 590           |
|    policy_gradient_loss | -0.00225      |
|    value_loss           | 0.0834        |
-------------------------------------------
------------------------------------------
| rollout/                |              |
|    ep_len_mean          | 4.31         |
|    ep_rew_mean          | 7.1          |
| time/                   |              |
|    fps                  | 1035         |
|    iterations           | 61           |
|    time_elapsed         | 30           |
|    total_timesteps      | 31232        |
| train/                  |              |
|    approx_kl            | 0.0017428404 |
|    clip_fraction        | 0.00273      |
|    clip_range           | 0.2          |
|    entropy_loss         | -0.636       |
|    explained_variance   | 0.968        |
|    learning_rate        | 0.0001       |
|    loss                 | 0.0307       |
|    n_updates            | 600          |
|    policy_gradient_loss | -0.00462     |
|    value_loss           | 0.0892       |
------------------------------------------
------------------------------------------
| rollout/                |              |
|    ep_len_mean          | 4.39         |
|    ep_rew_mean          | 7.03         |
| time/                   |              |
|    fps                  | 1036         |
|    iterations           | 62           |
|    time_elapsed         | 30           |
|    total_timesteps      | 31744        |
| train/                  |              |
|    approx_kl            | 0.0007181444 |
|    clip_fraction        | 0.000391     |
|    clip_range           | 0.2          |
|    entropy_loss         | -0.638       |
|    explained_variance   | 0.969        |
|    learning_rate        | 0.0001       |
|    loss                 | 0.0401       |
|    n_updates            | 610          |
|    policy_gradient_loss | -0.0022      |
|    value_loss           | 0.0882       |
------------------------------------------
[ckpt 100] t=32256 mean_return_100=7.104
------------------------------------------
| rollout/                |              |
|    ep_len_mean          | 4.31         |
|    ep_rew_mean          | 7.13         |
| time/                   |              |
|    fps                  | 1010         |
|    iterations           | 63           |
|    time_elapsed         | 31           |
|    total_timesteps      | 32256        |
| train/                  |              |
|    approx_kl            | 0.0011563771 |
|    clip_fraction        | 0.00117      |
|    clip_range           | 0.2          |
|    entropy_loss         | -0.628       |
|    explained_variance   | 0.972        |
|    learning_rate        | 0.0001       |
|    loss                 | 0.019        |
|    n_updates            | 620          |
|    policy_gradient_loss | -0.00368     |
|    value_loss           | 0.0768       |
------------------------------------------
{
 "algorithm": "MaskablePPO(sb3-contrib 2.9.0)",
 "policy_class": "CandidateScoringPolicy",
 "timesteps": 32256,
 "wall_clock_s": 32.607,
 "steps_per_sec": 989.25,
 "n_envs": 8,
 "env_start_method": "spawn",
 "n_steps": 64,
 "batch_size": 256,
 "n_epochs": 10,
 "learning_rate": 0.0001,
 "ent_coef": 0.005,
 "vf_coef": 0.5,
 "target_kl": 0.03,
 "seed": 42,
 "checkpoints": [
  {
   "fraction": 0.1,
   "timesteps": 3584,
   "mean_return_100": 6.770119179021463,
   "wall_clock_s": 3.38,
   "eval_wall_clock_s": 0.71
  },
  {
   "fraction": 0.5,
   "timesteps": 16384,
   "mean_return_100": 6.972275227063651,
   "wall_clock_s": 14.701,
   "eval_wall_clock_s": 0.941
  },
  {
   "fraction": 1.0,
   "timesteps": 32256,
   "mean_return_100": 7.10427522706365,
   "wall_clock_s": 31.91,
   "eval_wall_clock_s": 0.797
  }
 ],
 "random_baseline": {
  "episodes": 100,
  "mean": 2.219885739708574,
  "std": 1.6748118771230607,
  "wall_clock_s": 1.497
 },
 "final_eval": {
  "episodes": 100,
  "deterministic": true,
  "mean": 7.1257752270636505,
  "std": 0.3371900027453644,
  "min": 6.205829162744594,
  "max": 7.4075301652846175,
  "per_shot_mean": 0.8907219033829563
 },
 "gate": {
  "name": "rollout/ep_rew_mean >= random_baseline_mean + 0.5 for 3 consecutive rollouts",
  "threshold": 2.719885739708574,
  "reached_at_timesteps": 9216,
  "wall_clock_to_gate_s": 7.524
 },
 "final_logger_values": {
  "value_loss_final": 0.08360601477324962,
  "explained_variance_final": 0.9700298309326172,
  "entropy_loss_final": -0.6137002259492874,
  "approx_kl_final": 0.003324453718960285,
  "ep_rew_mean_final": null
 },
 "checkpoint_best": {
  "fraction": 1.0,
  "timesteps": 32256,
  "mean_return_100": 7.10427522706365
 }
}
curve points: 63 (written to /Users/Nicolas/.omp/wt/t31f39e546/m/prototypes/ai-spine/python/runs/ppo_repro/train_metrics.json)
