row pb-01: PRODUCED (34 samples, 0.1s) params={"aim_deg":-2.000,"aim_offset_deg":-2.000,"cue_speed_mm_s":1400.0,"spin_a_tip":0.000,"spin_b_tip":0.000,"elevation_deg":0.00}
      observed: {"distinct_object_balls_to_rails":4,"rail_contacts_total":4,"pocketed":[],"off_table":[],"legal":true,"cue_ball_pocketed":false,"tree":"legal_clean","rule":"4.3(d)","object_ball_contacts":3,"frozen_contacts_suppressed":0,"t_rest_s":2.753,"max_hop_mm":0.01}
row pb-02: PRODUCED (64 samples, 1.7s) params={"aim_deg":-1.000,"aim_offset_deg":-1.000,"cue_speed_mm_s":1400.0,"spin_a_tip":0.000,"spin_b_tip":0.000,"elevation_deg":0.00}
      observed: {"distinct_object_balls_to_rails":4,"rail_contacts_total":5,"pocketed":[],"off_table":[],"legal":true,"cue_ball_pocketed":false,"tree":"legal_clean","rule":"4.3(d)","object_ball_contacts":4,"frozen_contacts_suppressed":0,"t_rest_s":3.263,"max_hop_mm":0.03}
row pb-03: not produced (691 samples, 10.4s)
      near miss: {"aim_deg":-0.607,"aim_offset_deg":0.000,"cue_speed_mm_s":1850.0,"spin_a_tip":0.000,"spin_b_tip":0.000,"elevation_deg":0.00} -> {"distinct_object_balls_to_rails":3,"rail_contacts_total":3,"pocketed":[3],"off_table":[],"legal":true,"cue_ball_pocketed":false,"tree":"legal_pocketed","rule":"4.3(c)","object_ball_contacts":1,"frozen_contacts_suppressed":0,"t_rest_s":3.486,"max_hop_mm":0.00}
row pb-04: PRODUCED (196 samples, 12.0s) params={"aim_deg":-4.721,"aim_offset_deg":-3.400,"cue_speed_mm_s":550.0,"spin_a_tip":0.000,"spin_b_tip":0.000,"elevation_deg":0.00}
      observed: {"distinct_object_balls_to_rails":0,"rail_contacts_total":0,"pocketed":[],"off_table":[],"legal":false,"cue_ball_pocketed":false,"tree":"illegal_break","rule":"4.3(d)","object_ball_contacts":0,"frozen_contacts_suppressed":0,"t_rest_s":4.086,"max_hop_mm":0.00}
row pb-05: PRODUCED (23 samples, 3.7s) params={"aim_deg":-1.679,"aim_offset_deg":-2.500,"cue_speed_mm_s":2400.0,"spin_a_tip":0.000,"spin_b_tip":0.000,"elevation_deg":0.00}
      observed: {"distinct_object_balls_to_rails":3,"rail_contacts_total":3,"pocketed":[],"off_table":[],"legal":false,"cue_ball_pocketed":false,"tree":"illegal_break","rule":"4.3(d)","object_ball_contacts":2,"frozen_contacts_suppressed":0,"t_rest_s":5.243,"max_hop_mm":0.05}
row pb-06: PRODUCED (128 samples, 13.4s) params={"aim_deg":1.821,"aim_offset_deg":1.000,"cue_speed_mm_s":2400.0,"spin_a_tip":0.000,"spin_b_tip":0.000,"elevation_deg":0.00}
      observed: {"distinct_object_balls_to_rails":3,"rail_contacts_total":3,"pocketed":[],"off_table":[],"legal":false,"cue_ball_pocketed":true,"tree":"illegal_break","rule":"4.3(d)","object_ball_contacts":1,"frozen_contacts_suppressed":0,"t_rest_s":4.328,"max_hop_mm":0.07}
row pb-07: not produced (700 samples, 109.0s)
      near miss: {"aim_deg":-4.378,"aim_offset_deg":-3.000,"cue_speed_mm_s":1400.0,"spin_a_tip":0.000,"spin_b_tip":0.000,"elevation_deg":0.00} -> {"distinct_object_balls_to_rails":3,"rail_contacts_total":3,"pocketed":[],"off_table":[],"legal":false,"cue_ball_pocketed":false,"tree":"illegal_break","rule":"4.3(d)","object_ball_contacts":2,"frozen_contacts_suppressed":0,"t_rest_s":2.866,"max_hop_mm":0.11}
row pb-08: PRODUCED (129 samples, 4.0s) params={"aim_deg":1.000,"aim_offset_deg":1.000,"cue_speed_mm_s":2700.0,"spin_a_tip":0.000,"spin_b_tip":0.000,"elevation_deg":0.00}
      observed: {"distinct_object_balls_to_rails":4,"rail_contacts_total":4,"pocketed":[],"off_table":[],"legal":false,"cue_ball_pocketed":true,"tree":"break_foul","rule":"4.3(h)","object_ball_contacts":1,"frozen_contacts_suppressed":0,"t_rest_s":3.974,"max_hop_mm":0.10}
row pb-09: not produced (700 samples, 21.8s)
      near miss: {"aim_deg":-2.917,"aim_offset_deg":-2.500,"cue_speed_mm_s":2550.0,"spin_a_tip":0.000,"spin_b_tip":0.000,"elevation_deg":0.00} -> {"distinct_object_balls_to_rails":4,"rail_contacts_total":4,"pocketed":[],"off_table":[],"legal":false,"cue_ball_pocketed":true,"tree":"break_foul","rule":"4.3(h)","object_ball_contacts":1,"frozen_contacts_suppressed":0,"t_rest_s":3.917,"max_hop_mm":0.05}
row pb-10: not produced (691 samples, 52.6s)
      near miss: {"aim_deg":1.802,"aim_offset_deg":1.400,"cue_speed_mm_s":5800.0,"spin_a_tip":0.000,"spin_b_tip":0.000,"elevation_deg":0.00} -> {"distinct_object_balls_to_rails":11,"rail_contacts_total":15,"pocketed":[8],"off_table":[],"legal":true,"cue_ball_pocketed":false,"tree":"eight_on_break","rule":"4.3(e)","object_ball_contacts":3,"frozen_contacts_suppressed":0,"t_rest_s":6.215,"max_hop_mm":6.17}
row pb-11: not produced (691 samples, 67.7s)
      near miss: {"aim_deg":-2.598,"aim_offset_deg":-3.000,"cue_speed_mm_s":1200.0,"spin_a_tip":0.000,"spin_b_tip":0.000,"elevation_deg":0.00} -> {"distinct_object_balls_to_rails":0,"rail_contacts_total":0,"pocketed":[],"off_table":[],"legal":false,"cue_ball_pocketed":true,"tree":"illegal_break","rule":"4.3(d)","object_ball_contacts":2,"frozen_contacts_suppressed":0,"t_rest_s":5.763,"max_hop_mm":0.01}
row pb-12: not produced (700 samples, 62.5s)
      near miss: {"aim_deg":-3.952,"aim_offset_deg":-3.000,"cue_speed_mm_s":1000.0,"spin_a_tip":0.000,"spin_b_tip":0.000,"elevation_deg":0.00} -> {"distinct_object_balls_to_rails":0,"rail_contacts_total":0,"pocketed":[],"off_table":[],"legal":false,"cue_ball_pocketed":false,"tree":"illegal_break","rule":"4.3(d)","object_ball_contacts":2,"frozen_contacts_suppressed":0,"t_rest_s":6.375,"max_hop_mm":0.00}
row pb-13: PRODUCED (25 samples, 1.6s) params={"aim_deg":-1.007,"aim_offset_deg":-2.500,"cue_speed_mm_s":3100.0,"spin_a_tip":0.000,"spin_b_tip":0.000,"elevation_deg":0.00}
      observed: {"distinct_object_balls_to_rails":3,"rail_contacts_total":3,"pocketed":[],"off_table":[],"legal":false,"cue_ball_pocketed":false,"tree":"illegal_break","rule":"4.3(d)","object_ball_contacts":1,"frozen_contacts_suppressed":1,"t_rest_s":5.896,"max_hop_mm":2.03}
row pb-14: PRODUCED (25 samples, 1.4s) params={"aim_deg":-3.282,"aim_offset_deg":-2.500,"cue_speed_mm_s":3100.0,"spin_a_tip":0.000,"spin_b_tip":0.000,"elevation_deg":0.00}
      observed: {"distinct_object_balls_to_rails":3,"rail_contacts_total":4,"pocketed":[],"off_table":[],"legal":false,"cue_ball_pocketed":false,"tree":"illegal_break","rule":"4.3(d)","object_ball_contacts":2,"frozen_contacts_suppressed":0,"t_rest_s":7.131,"max_hop_mm":0.27}
rows produced: 8/14
